host data:
host data:
a 0.0956179249911955
1 0.029700999999999998
7 0.019414801494010002
6 0.019043820750088043
daidoa 0.01
908412 0.01
qoejq 0.01
104109 0.01
adkdal 0.01
i 0.01
======================
cold data:
12 0.01
3 0.01
2 0.01
10 0.01
5 0.01
4 0.01
190fqkdl 0.01
9 0.01
8 0.01
ioqioe 0.01
dqaodia 0.01
